// Jest Snapshot v1, https://goo.gl/fbAQLP

exports[`FullPageListItem Rendering should match to snapshot loaded 1`] = `
<Styled(Component)
  onPress={[Function]}
>
  <Styled(Text)>
    Test nome
  </Styled(Text)>
</Styled(Component)>
`;
