// Jest Snapshot v1, https://goo.gl/fbAQLP

exports[`Ability Rendering should match to snapshot 1`] = `
<Styled(View)>
  <Styled(Text) />
</Styled(View)>
`;
